apiVersion: rbac.authorization.k8s.io/v1
kind: ClusterRole
metadata:
  name: xelon-csi-attacher-role
  namespace: syn-xelon-csi
rules:
  - apiGroups:
      - ''
    resources:
      - nodes
    verbs:
      - get
      - list
      - watch
  - apiGroups:
      - ''
    resources:
      - persistentvolumes
    verbs:
      - get
      - list
      - watch
      - update
      - patch
  - apiGroups:
      - coordination.k8s.io
    resources:
      - leases
    verbs:
      - get
      - watch
      - list
      - delete
      - update
      - create
      - patch
  - apiGroups:
      - csi.storage.k8s.io
    resources:
      - csinodeinfos
    verbs:
      - get
      - list
      - watch
  - apiGroups:
      - storage.k8s.io
    resources:
      - volumeattachments
    verbs:
      - get
      - list
      - watch
      - update
      - patch
  - apiGroups:
      - storage.k8s.io
    resources:
      - volumeattachments/status
    verbs:
      - get
      - list
      - watch
      - update
      - patch
---
apiVersion: rbac.authorization.k8s.io/v1
kind: ClusterRole
metadata:
  name: xelon-csi-provisioner-role
  namespace: syn-xelon-csi
rules:
  - apiGroups:
      - ''
    resources:
      - events
    verbs:
      - list
      - watch
      - create
      - update
      - patch
  - apiGroups:
      - ''
    resources:
      - nodes
    verbs:
      - get
      - list
      - watch
  - apiGroups:
      - ''
    resources:
      - persistentvolumes
    verbs:
      - get
      - list
      - watch
      - create
      - delete
  - apiGroups:
      - ''
    resources:
      - persistentvolumeclaims
    verbs:
      - get
      - list
      - watch
      - update
  - apiGroups:
      - storage.k8s.io
    resources:
      - csinodes
    verbs:
      - get
      - list
      - watch
  - apiGroups:
      - storage.k8s.io
    resources:
      - storageclasses
    verbs:
      - get
      - list
      - watch
  - apiGroups:
      - storage.k8s.io
    resources:
      - volumeattachments
    verbs:
      - get
      - list
      - watch
---
apiVersion: rbac.authorization.k8s.io/v1
kind: ClusterRole
metadata:
  name: xelon-csi-resizer-role
  namespace: syn-xelon-csi
rules:
  - apiGroups:
      - ''
    resources:
      - events
    verbs:
      - list
      - watch
      - create
      - update
      - patch
  - apiGroups:
      - ''
    resources:
      - persistentvolumes
    verbs:
      - get
      - list
      - watch
      - update
      - patch
  - apiGroups:
      - ''
    resources:
      - persistentvolumeclaims
    verbs:
      - get
      - list
      - watch
  - apiGroups:
      - ''
    resources:
      - persistentvolumeclaims/status
    verbs:
      - update
      - patch
  - apiGroups:
      - ''
    resources:
      - pods
    verbs:
      - get
      - list
      - watch
  - apiGroups:
      - storage.k8s.io
    resources:
      - storageclasses
    verbs:
      - get
      - list
      - watch
  - apiGroups:
      - storage.k8s.io
    resources:
      - volumeattributesclasses
    verbs:
      - get
      - list
      - watch
---
apiVersion: rbac.authorization.k8s.io/v1
kind: ClusterRole
metadata:
  name: xelon-csi-node-driver-registrar-role
  namespace: syn-xelon-csi
rules:
  - apiGroups:
      - ''
    resources:
      - events
    verbs:
      - get
      - list
      - watch
      - create
      - update
      - patch
  - apiGroups:
      - ''
    resources:
      - nodes
    verbs:
      - get
      - list
      - watch
