apiVersion: apps/v1
kind: StatefulSet
metadata:
  name: xelon-csi-controller
  namespace: syn-xelon-csi
spec:
  replicas: 1
  selector:
    matchLabels:
      app: xelon-csi-controller
  serviceName: xelon-csi
  template:
    metadata:
      labels:
        app: xelon-csi-controller
        role: xelon-csi
    spec:
      containers:
        - args:
            - --api-url=$(XELON_API_URL)
            - --client-id=$(XELON_API_CLIENT_ID)
            - --endpoint=$(CSI_ENDPOINT)
            - --mode=controller
            - --token=$(XELON_API_TOKEN)
          env:
            - name: CSI_ENDPOINT
              value: unix:///var/lib/csi/sockets/pluginproxy/csi.sock
            - name: XELON_API_URL
              value: https://vdc.xelon.ch/api/service/
            - name: XELON_API_CLIENT_ID
              valueFrom:
                secretKeyRef:
                  key: client-id
                  name: xelon-csi
            - name: XELON_API_TOKEN
              valueFrom:
                secretKeyRef:
                  key: api-token
                  name: xelon-csi
          image: xelonag/xelon-csi:v0.8.0
          imagePullPolicy: IfNotPresent
          name: xelon-csi-plugin
          resources:
            requests:
              cpu: 2m
              memory: 20Mi
          volumeMounts:
            - mountPath: /var/lib/csi/sockets/pluginproxy/
              name: socket-dir
            - mountPath: /etc/init.d
              name: metadata-file
              readOnly: true
        - args:
            - --csi-address=$(CSI_ADDRESS)
            - --default-fstype=ext4
            - --retry-interval-start=5s
            - --worker-threads=1
            - --v=5
          env:
            - name: CSI_ADDRESS
              value: /var/lib/csi/sockets/pluginproxy/csi.sock
          image: registry.k8s.io/sig-storage/csi-provisioner:v2.0.2
          name: csi-provisioner
          resources:
            requests:
              cpu: 2m
              memory: 20Mi
          volumeMounts:
            - mountPath: /var/lib/csi/sockets/pluginproxy/
              name: socket-dir
        - args:
            - --csi-address=$(CSI_ADDRESS)
            - --v=5
          env:
            - name: CSI_ADDRESS
              value: /var/lib/csi/sockets/pluginproxy/csi.sock
          image: registry.k8s.io/sig-storage/csi-attacher:v3.1.0
          name: csi-attacher
          resources:
            requests:
              cpu: 2m
              memory: 20Mi
          volumeMounts:
            - mountPath: /var/lib/csi/sockets/pluginproxy/
              name: socket-dir
        - args:
            - --csi-address=$(ADDRESS)
            - --timeout=30s
            - --v=5
            - --handle-volume-inuse-error=false
          env:
            - name: ADDRESS
              value: /var/lib/csi/sockets/pluginproxy/csi.sock
          image: registry.k8s.io/sig-storage/csi-resizer:v1.3.0
          imagePullPolicy: IfNotPresent
          name: csi-resizer
          volumeMounts:
            - mountPath: /var/lib/csi/sockets/pluginproxy/
              name: socket-dir
      priorityClassName: system-cluster-critical
      serviceAccountName: xelon-csi-controller-sa
      volumes:
        - emptyDir: {}
          name: socket-dir
        - hostPath:
            path: /etc/rc.d/init.d
          name: metadata-file
