apiVersion: v1
kind: Secret
metadata:
  annotations: {}
  labels:
    name: xelon-api-credentials
  name: xelon-api-credentials
stringData:
  baseUrl: https://vdc.xelon.ch/api/service/
  clientId: t-silent-test-1234/c-green-test-1234/xelon/csi-driver/client-id
  cloudId: ''
  token: t-silent-test-1234/c-green-test-1234/xelon/csi-driver/api-token
type: Opaque
