apiVersion: rbac.authorization.k8s.io/v1
kind: ClusterRole
metadata:
  name: xelon-csi-provisioner-role
rules:
  - apiGroups:
      - ''
    resources:
      - persistentvolumes
    verbs:
      - get
      - list
      - watch
      - create
      - delete
  - apiGroups:
      - ''
    resources:
      - persistentvolumeclaims
    verbs:
      - get
      - list
      - watch
      - update
  - apiGroups:
      - storage.k8s.io
    resources:
      - storageclasses
    verbs:
      - get
      - list
      - watch
  - apiGroups:
      - ''
    resources:
      - events
    verbs:
      - list
      - watch
      - create
      - update
      - patch
  - apiGroups:
      - storage.k8s.io
    resources:
      - csinodes
    verbs:
      - get
      - list
      - watch
  - apiGroups:
      - ''
    resources:
      - nodes
    verbs:
      - get
      - list
      - watch
  - apiGroups:
      - storage.k8s.io
    resources:
      - volumeattachments
    verbs:
      - get
      - list
      - watch
---
apiVersion: rbac.authorization.k8s.io/v1
kind: ClusterRole
metadata:
  name: xelon-csi-attacher-role
rules:
  - apiGroups:
      - ''
    resources:
      - persistentvolumes
    verbs:
      - get
      - list
      - watch
      - update
      - patch
  - apiGroups:
      - ''
    resources:
      - nodes
    verbs:
      - get
      - list
      - watch
  - apiGroups:
      - storage.k8s.io
    resources:
      - csinodes
    verbs:
      - get
      - list
      - watch
  - apiGroups:
      - storage.k8s.io
    resources:
      - volumeattachments
    verbs:
      - get
      - list
      - watch
      - update
      - patch
  - apiGroups:
      - storage.k8s.io
    resources:
      - volumeattachments/status
    verbs:
      - patch
---
apiVersion: rbac.authorization.k8s.io/v1
kind: ClusterRole
metadata:
  name: xelon-csi-node-driver-registrar-role
  namespace: syn-xelon-csi
rules:
  - apiGroups:
      - ''
    resources:
      - events
    verbs:
      - get
      - list
      - watch
      - create
      - update
      - patch
