apiVersion: v1
kind: ServiceAccount
metadata:
  name: xelon-csi-controller-sa
  namespace: syn-xelon-csi
---
apiVersion: v1
kind: ServiceAccount
metadata:
  name: xelon-csi-node-sa
  namespace: syn-xelon-csi
