apiVersion: apps/v1
kind: StatefulSet
metadata:
  name: xelon-csi-controller
  namespace: syn-xelon-csi
spec:
  replicas: 1
  revisionHistoryLimit: 5
  selector:
    matchLabels:
      app: xelon-csi-controller
  serviceName: xelon-csi
  template:
    metadata:
      labels:
        app: xelon-csi-controller
        role: xelon-csi
    spec:
      containers:
        - args:
            - --endpoint=$(CSI_ENDPOINT)
            - --xelon-base-url=$(XELON_BASE_URL)
            - --xelon-client-id=$(XELON_CLIENT_ID)
            - --xelon-cloud-id=$(XELON_CLOUD_ID)
            - --xelon-token=$(XELON_TOKEN)
            - --logging-format=text
            - --mode=controller
            - --v=2
          env:
            - name: CSI_ENDPOINT
              value: unix:///csi/csi.sock
            - name: XELON_BASE_URL
              valueFrom:
                secretKeyRef:
                  key: baseUrl
                  name: xelon-api-credentials
            - name: XELON_CLIENT_ID
              valueFrom:
                secretKeyRef:
                  key: clientId
                  name: xelon-api-credentials
            - name: XELON_CLOUD_ID
              valueFrom:
                secretKeyRef:
                  key: cloudId
                  name: xelon-api-credentials
            - name: XELON_TOKEN
              valueFrom:
                secretKeyRef:
                  key: token
                  name: xelon-api-credentials
          image: xelonag/xelon-csi:v1.0.1
          imagePullPolicy: Always
          name: xelon-csi-plugin
          resources:
            requests:
              cpu: 2m
              memory: 20Mi
          volumeMounts:
            - mountPath: /csi
              name: socket-dir
        - args:
            - --csi-address=$(CSI_ADDRESS)
            - --default-fstype=ext4
            - --extra-create-metadata
            - --retry-interval-start=5s
            - --timeout=120s
            - --v=5
            - --worker-threads=1
          env:
            - name: CSI_ADDRESS
              value: /csi/csi.sock
          image: registry.k8s.io/sig-storage/csi-provisioner:v3.6.0
          imagePullPolicy: IfNotPresent
          name: csi-provisioner
          resources:
            requests:
              cpu: 2m
              memory: 20Mi
          volumeMounts:
            - mountPath: /csi
              name: socket-dir
        - args:
            - --csi-address=$(CSI_ADDRESS)
            - --timeout=60s
            - --v=5
            - --worker-threads=1
          env:
            - name: CSI_ADDRESS
              value: /csi/csi.sock
          image: registry.k8s.io/sig-storage/csi-attacher:v4.4.0
          imagePullPolicy: IfNotPresent
          name: csi-attacher
          resources:
            requests:
              cpu: 2m
              memory: 20Mi
          volumeMounts:
            - mountPath: /csi
              name: socket-dir
        - args:
            - --csi-address=$(CSI_ADDRESS)
            - --handle-volume-inuse-error=false
            - --timeout=60s
            - --v=5
          env:
            - name: CSI_ADDRESS
              value: /csi/csi.sock
          image: registry.k8s.io/sig-storage/csi-resizer:v1.9.0
          imagePullPolicy: IfNotPresent
          name: csi-resizer
          volumeMounts:
            - mountPath: /csi
              name: socket-dir
      priorityClassName: system-cluster-critical
      serviceAccountName: xelon-csi-controller-sa
      volumes:
        - emptyDir: {}
          name: socket-dir
