apiVersion: storage.k8s.io/v1
kind: StorageClass
metadata:
  annotations: {}
  labels:
    name: xelon-persistent-storage
  name: xelon-persistent-storage
  namespace: syn-xelon-csi
provisioner: csi.xelon.ch
reclaimPolicy: Delete
volumeBindingMode: WaitForFirstConsumer
